Server started
